file /workspace/gem5-X-TiC-SAT/build/systemc/SConscript,line 45:
	Configure(confdir = build/systemc/.scons_config)
scons: Configure: Checking whether __i386__ is declared... 
scons: Configure: "build/systemc/.scons_config/conftest_20.c" is up to date.
scons: Configure: The original builder output was:
  |build/systemc/.scons_config/conftest_20.c <-
  |  |
  |  |int main()
  |  |{
  |  |#ifndef __i386__
  |  |    (void) __i386__;
  |  |#endif
  |  |    ;
  |  |    return 0;
  |  |}
  |  |
  |
scons: Configure: Building "build/systemc/.scons_config/conftest_20.o" failed in a previous run and all its sources are up to date.
scons: Configure: The original builder output was:
  | [      CC] systemc/.scons_config/conftest_20.c -> .o
  |
scons: Configure: (cached) no

scons: Configure: Checking whether __x86_64__ is declared... 
scons: Configure: "build/systemc/.scons_config/conftest_21.c" is up to date.
scons: Configure: The original builder output was:
  |build/systemc/.scons_config/conftest_21.c <-
  |  |
  |  |int main()
  |  |{
  |  |#ifndef __x86_64__
  |  |    (void) __x86_64__;
  |  |#endif
  |  |    ;
  |  |    return 0;
  |  |}
  |  |
  |
scons: Configure: "build/systemc/.scons_config/conftest_21.o" is up to date.
scons: Configure: The original builder output was:
  | [      CC] systemc/.scons_config/conftest_21.c -> .o
  |
scons: Configure: (cached) yes


